// Jest Snapshot v1, https://goo.gl/fbAQLP

exports[`UserList renders the component 1`] = `
<el-row>
  <h1>hello</h1>
  <el-col span="8">
    <div class="grid-content bg-purple"></div>
  </el-col>
  <el-col span="8">
    <div class="grid-content bg-purple-light"></div>
  </el-col>
  <el-col span="8">
    <div class="grid-content bg-purple"></div>
  </el-col>
</el-row>
`;
